PASS [setup] admin signs in — 200
PASS [setup] admin makes komal.laks HR — 200
PASS [setup] admin issues logins for E / M / F / H — 200
PASS [setup] E (nikhil.pati) signs in — 200
PASS [setup] M (sarvjeet.sand) signs in — 200
PASS [setup] F (ravi.kuma) signs in — 200
PASS [setup] H (komal.laks) signs in — 200
PASS [P] admin wire: every person, every salary, every record — people 180, records 53, reward records 49
PASS [P] admin wire carries no password or hash
PASS [P] E wire: every person listed (directory) — 180/180
PASS [P] E wire: pay fields only on their own row — rows with pay fields: 1 (p-1789386088551-ht5648)
PASS [P] E wire: personal fields (dob / phone) only on their own row — rows with dob/phone: 1
PASS [P] E wire: no password / hash
PASS [P] E wire: APMS / Rewards records only in scope (own) — records of 0 + 0 people; outside scope: 0
PASS [P] E wire: Trash hidden — trash rows 0
PASS [P] E wire: other people's login rows hidden
PASS [P] E wire: job-role salary bands / slabs hidden
PASS [P] E ?books=org,months filtered like the wire — org people w/ salary 1
PASS [P] E legacy LOAD server fn filtered like the wire — status 200
PASS [P] E /api/people list: pay + personal only on own row — status 200
PASS [P] E /api/people/:id of someone else: no salary / dob / password — status 200
PASS [P] E /api/people/:id own row: own salary visible — status 200
PASS [P] E GET /api/month-records/:period/:person outside scope → 403 — status 403 {"ok":false,"error":"forbidden","kind":"month-records","message":"You cannot see
PASS [P] E GET /api/month-records/:period list: no row outside scope — rows 0
PASS [P] E GET /api/reward-records/:period/:person outside scope → 403 — status 403
PASS [P] E GET /api/reward-records/:period list: no row outside scope — rows 0
PASS [P] E GET /api/e/trash: no rows — rows 0
PASS [P] E GET /api/e/custom-reports: no rows — rows 0
PASS [P] E GET /api/e/logins: own row only — rows 0
PASS [P] E GET /api/e/trash/:id → 403 — status 403
PASS [P] E GET /api/org?kind=roles: no salary bands — status 200
PASS [P] E GET /api/org/roles/:id: no salary bands — status 200
PASS [P] E GET /api/org?kind=trash → 403 — status 403
PASS [P] E GET /api/company-backups → 403 — status 403
PASS [P] E POST /api/company-backups → 403 — status 403
PASS [P] E POST /api/company-restore → 403 — status 403
PASS [P] E POST /api/company → 403 — status 403
PASS [P] E POST /_serverFn/b4b4aa7e… → 403 — status 403
PASS [P] E POST /_serverFn/60f85321… → 403 — status 403
PASS [P] E GET /api/login-locks → 403 — status 403
PASS [P] E POST /api/login-locks → 403 — status 403
PASS [P] M wire: every person listed (directory) — 180/180
PASS [P] M wire: pay fields only on their own row — rows with pay fields: 1 (p-1788346069555)
PASS [P] M wire: personal fields (dob / phone) only on their own row — rows with dob/phone: 1
PASS [P] M wire: no password / hash
PASS [P] M wire: APMS / Rewards records only in scope (team) — records of 0 + 8 people; outside scope: 0
PASS [P] M wire: Trash hidden — trash rows 0
PASS [P] M wire: other people's login rows hidden — sarvjeet.sand
PASS [P] M wire: job-role salary bands / slabs hidden
PASS [P] M ?books=org,months filtered like the wire — org people w/ salary 1
PASS [P] M legacy LOAD server fn filtered like the wire — status 200
PASS [P] M /api/people list: pay + personal only on own row — status 200
PASS [P] M /api/people/:id of someone else: no salary / dob / password — status 200
PASS [P] M /api/people/:id own row: own salary visible — status 200
PASS [P] M GET /api/month-records/:period/:person outside scope → 403 — status 403 {"ok":false,"error":"forbidden","kind":"month-records","message":"You cannot see
PASS [P] M GET /api/month-records/:period list: no row outside scope — rows 0
PASS [P] M GET /api/reward-records/:period/:person outside scope → 403 — status 403
PASS [P] M GET /api/reward-records/:period list: no row outside scope — rows 0
PASS [P] M GET /api/e/trash: no rows — rows 0
PASS [P] M GET /api/e/custom-reports: no rows — rows 0
PASS [P] M GET /api/e/logins: own row only — rows 1
PASS [P] M GET /api/e/trash/:id → 403 — status 403
PASS [P] M GET /api/org?kind=roles: no salary bands — status 200
PASS [P] M GET /api/org/roles/:id: no salary bands — status 200
PASS [P] M GET /api/org?kind=trash → 403 — status 403
PASS [P] M GET /api/company-backups → 403 — status 403
PASS [P] M POST /api/company-backups → 403 — status 403
PASS [P] M POST /api/company-restore → 403 — status 403
PASS [P] M POST /api/company → 403 — status 403
PASS [P] M POST /_serverFn/b4b4aa7e… → 403 — status 403
PASS [P] M POST /_serverFn/60f85321… → 403 — status 403
PASS [P] M GET /api/login-locks → 403 — status 403
PASS [P] M POST /api/login-locks → 403 — status 403
PASS [P] F wire: every person listed (directory) — 180/180
PASS [P] F wire: pay fields only on their own row — rows with pay fields: 1 (p-1788170605272)
PASS [P] F wire: personal fields (dob / phone) only on their own row — rows with dob/phone: 1
PASS [P] F wire: no password / hash
PASS [P] F wire: team records visible, another function's records hidden — records of 6 people; outsider p-1788353125607-dh3zfb hidden true
PASS [P] F wire: Trash hidden — trash rows 0
PASS [P] F wire: other people's login rows hidden — ravi.kuma
PASS [P] F wire: job-role salary bands / slabs hidden
PASS [P] F ?books=org,months filtered like the wire — org people w/ salary 1
PASS [P] F legacy LOAD server fn filtered like the wire — status 200
PASS [P] F /api/people list: pay + personal only on own row — status 200
PASS [P] F /api/people/:id of someone else: no salary / dob / password — status 200
PASS [P] F /api/people/:id own row: own salary visible — status 200
PASS [P] F GET /api/month-records/:period/:person outside scope → 403 — status 403 {"ok":false,"error":"forbidden","kind":"month-records","message":"You cannot see
PASS [P] F GET /api/month-records/:period list: no row outside scope — rows 0
PASS [P] F GET /api/reward-records/:period/:person outside scope → 403 — status 403
PASS [P] F GET /api/reward-records/:period list: no row outside scope — rows 0
PASS [P] F GET /api/e/trash: no rows — rows 0
PASS [P] F GET /api/e/custom-reports: no rows — rows 0
PASS [P] F GET /api/e/logins: own row only — rows 1
PASS [P] F GET /api/e/trash/:id → 403 — status 403
PASS [P] F GET /api/org?kind=roles: no salary bands — status 200
PASS [P] F GET /api/org/roles/:id: no salary bands — status 200
PASS [P] F GET /api/org?kind=trash → 403 — status 403
PASS [P] F GET /api/company-backups → 403 — status 403
PASS [P] F POST /api/company-backups → 403 — status 403
PASS [P] F POST /api/company-restore → 403 — status 403
PASS [P] F POST /api/company → 403 — status 403
PASS [P] F POST /_serverFn/b4b4aa7e… → 403 — status 403
PASS [P] F POST /_serverFn/60f85321… → 403 — status 403
PASS [P] F GET /api/login-locks → 403 — status 403
PASS [P] F POST /api/login-locks → 403 — status 403
PASS [P] HR (company scope + pay + personal) reads the full wire — salaries 180, records 53/53
PASS [P] HR GET /api/company-backups → 403 (admin only, unchanged) — 403
PASS [P] admin edits a reward record and a salary (setup) — 200 / 200
PASS [P] E /api/changes?payload=1: reward row outside scope dropped, salary not carried — 1 rows; cursor 4
PASS [P] E /api/changes: reward row outside scope dropped, salary not carried — 1 rows; cursor 4
PASS [P] admin feed has the reward row and the salary — 2 rows
PASS [P] tick hints: admin gets the reward-record hint, E does not — admin 2, E 1
PASS [P] E PATCH own row, field outside the Me page (location) → 403 field location — 403 {"ok":false,"error":"forbidden","kind":"people","field":"location","message":"You cannot change location for this person
PASS [P] E PATCH own row, Me fields (mobile, name) → 200 — 200
PASS [P] E PATCH own salary → 403 field salary — 403 {"ok":false,"error":"forbidden","kind":"people","field":"salary","message":"You cannot change compensation."}
PASS [P] E PATCH own access role → 403 — 403
PASS [P] E PATCH someone else's row → 403 (kind people) — 403 {"ok":false,"error":"forbidden","kind":"people","field":"title","message":"You cannot change title for this person."}
PASS [P] E create a person → 403 — 403
PASS [P] E delete a person → 403 — 403
PASS [P] M (People view only) edits a person → 403 — 403
PASS [P] E create own APMS plan → 403 — 403
PASS [P] E edit someone else's APMS plan → 403 — 403
PASS [P] M edits a team member's reward plan → 200 — 200
PASS [P] M deletes a team member's reward plan (no delete grant) → 403 — 403
PASS [P] M edits a reward plan outside the team → 403 — 403
PASS [P] E edits a target cell → 403 — 403
PASS [P] M (no Targets grant) edits a target cell → 403 — 403
PASS [P] E PATCH /api/e/<kind> refused (403 kind) on every granted kind (31) — companies:403 brands:403 sbus:403 sbu-members:403 functions:403 sub-functions:403 roles:403 role-krocs:403 access-roles:403 custom-reports:403 report-folders:403 values-catalog:403 kpi-master:403 apms-plans:403 apms-months:403 role-months:403 period-reviews:403 award-instances:403 award-measures:403
PASS [P] E may file notices / app requests / role cases / a trash row (open kinds) — trash:200 notices:200 app-requests:200 role-cases:200
PASS [P] no unexpected status on /api/e writes (E and admin)
PASS [P] E PATCH settings/companyFactor → 403 (field companyFactor) — 403
PASS [P] E PATCH /api/org/functions/:id → 403 — 403
PASS [P] F (Functions: edit, no create) creates a function via /api/org → 403 — 403
PASS [P] E book PATCH with tombstones (a whole APMS month, a person) deletes nothing — PATCH 409; 2026-09 records 12 → 12; person alive true
PASS [P] book PATCH conflict reply carries no password / hash / hidden salary — status 409
PASS [P] E POST /api/issued-logins for someone else → 403 — 403
PASS [P] M POST /api/provision-logins → 403 — 403
PASS [F] F reads a function member without salary / dob — 200
PASS [F] F saves the member (form sends salary 0 / slabs 0): salary and slabs kept — 200; salary 2080800 → 2080800
PASS [F] F sets a real salary value → 403 field salary — 403 {"ok":false,"error":"forbidden","kind":"people","field":"salary","message":"You cannot change salary
PASS [F] F's stale save → 409; the 409 row carries no salary — 200 / 409
PASS [F] F's merged retry → 200; A's salary 777777 stands — 200; salary 777777
PASS [L] 5 wrong passwords → the 5th reply is 429 LOCKED — 401,401,401,401,429
PASS [L] while locked the right password is refused (429) with a clear message — 429 Too many wrong passwords for this username. Sign-in is locked for 15 minutes. Try again later, or ask an admin to unlock it (Settings → Assign people).
PASS [L] the lock is per username (another IP is refused too) — 429
PASS [L] lock stored in the database — {"key":"u:sarvjeet.sand","locked_until":"2026-09-25T00:38:08.581Z"}
PASS [L] lock survives a server restart — 429
PASS [L] admin sees the locked username — [{"username":"sarvjeet.sand","until":"2026-09-25T00:38:08.581Z","minutes":15}]
PASS [L] admin unlock → the right password works at once — 200 / 200
PASS [L] 30 wrong tries from one IP → that IP is locked (even a right password) — 29×401 then 429; right password 429
PASS [L] another IP still signs in — 200
PASS [H] no plain-text password anywhere (issued_logins, people, logins rows, feed, books) — []
PASS [H] issued_logins holds an scrypt hash that verifies — scrypt$16384$8$1$ho3
PASS [H] restart converts the plain text once and logs the count — plain-text passwords converted: 2 (backup table apms_password_backup_20260925002312)
PASS [H] backup table written first, with the plain values, not granted to PUBLIC — apms_password_backup_20260925002312: 2 rows, owner postgres
PASS [H] converted value is a hash and the same password still signs in — scrypt$16384$8$1
PASS [H] second boot converts 0 (idempotent) — [apms-passwords] plain-text passwords converted: 0 (already hashed)
PASS [H] no password or hash on any read (wire, books, people, logins, feed, trash, backup download) — backup bk-mug7w4kx-xftpr5
PASS [S] admin password reset ends every session of that person (API 401 within 3 s) — 4 ms
PASS [S] get-session after the reset → null — null
PASS [S] own password change: this browser stays signed in, the other session ends — own 200; this 200; other 401
PASS [S] own password via the person row (Me): same rule — patch 200; this 200; other 401
PASS [S] re-sending the current password is not a change (no sign-out) — 200 / 200
PASS [D] APMS_DEFAULT_PIN=on: sunny.b / 0000 → 200 — 200
PASS [D] APMS_DEFAULT_PIN=on: a person with no password + 0000 → 200 — 200
PASS [D] APMS_DEFAULT_PIN=off: sunny.b / 0000 → 401 DEFAULT_PIN_OFF — 401 DEFAULT_PIN_OFF
PASS [D] APMS_DEFAULT_PIN=off: no-password person + 0000 → 401 — 401
PASS [D] APMS_DEFAULT_PIN=off: a real password still signs in — 200
PASS [D] switched back on: sunny.b / 0000 → 200 (not locked out) — 200
PASS [X] no token → 401 on every route (incl. /api/login-locks)
PASS [X] random bearer → 401 on every route (incl. /api/login-locks)
PASS [X] never-issued apms-s. → 401 on every route (incl. /api/login-locks)
PASS [X] hand-written apms-login.p-admin cookie → 401 on every route (incl. /api/login-locks)
PASS [X] public company dump /aliens-apms-restore-2026-09-19.json is gone — status 404
PASS [X] public company dump /aliens-apms-merged-2026-09-07.json is gone — status 404
PASS [X] no uat.* test accounts in the seed — 0

PASS — 176/176 — report: docs/e2e/perf-2-gate5/e2e-security-batch3.json
